This is pdfTeX, Version 3.141592653-2.6-1.40.26 (TeX Live 2024) (preloaded format=pdflatex 2024.10.17)  30 SEP 2026 20:18
entering extended mode
 restricted \write18 enabled.
 %&-line parsing enabled.
**main.tex
(./main.tex
LaTeX2e <2023-11-01> patch level 1
L3 programming layer <2024-02-20>
(./Training.cls
Document Class: Training 2019/09/19
(/usr/local/texlive/2024/texmf-dist/tex/latex/fancyhdr/fancyhdr.sty
Package: fancyhdr 2022/11/09 v4.1 Extensive control of page headers and footers

\f@nch@headwidth=\skip48
\f@nch@O@elh=\skip49
\f@nch@O@erh=\skip50
\f@nch@O@olh=\skip51
\f@nch@O@orh=\skip52
\f@nch@O@elf=\skip53
\f@nch@O@erf=\skip54
\f@nch@O@olf=\skip55
\f@nch@O@orf=\skip56
)
(/usr/local/texlive/2024/texmf-dist/tex/latex/base/article.cls
Document Class: article 2023/05/17 v1.4n Standard LaTeX document class
(/usr/local/texlive/2024/texmf-dist/tex/latex/base/size12.clo
File: size12.clo 2023/05/17 v1.4n Standard LaTeX file (size option)
)
\c@part=\count188
\c@section=\count189
\c@subsection=\count190
\c@subsubsection=\count191
\c@paragraph=\count192
\c@subparagraph=\count193
\c@figure=\count194
\c@table=\count195
\abovecaptionskip=\skip57
\belowcaptionskip=\skip58
\bibindent=\dimen140
)
(/usr/local/texlive/2024/texmf-dist/tex/latex/titlesec/titlesec.sty
Package: titlesec 2023/10/27 v2.16 Sectioning titles
\ttl@box=\box51
\beforetitleunit=\skip59
\aftertitleunit=\skip60
\ttl@plus=\dimen141
\ttl@minus=\dimen142
\ttl@toksa=\toks17
\titlewidth=\dimen143
\titlewidthlast=\dimen144
\titlewidthfirst=\dimen145
)
(/usr/local/texlive/2024/texmf-dist/tex/latex/geometry/geometry.sty
Package: geometry 2020/01/02 v5.9 Page Geometry

(/usr/local/texlive/2024/texmf-dist/tex/latex/graphics/keyval.sty
Package: keyval 2022/05/29 v1.15 key=value parser (DPC)
\KV@toks@=\toks18
)
(/usr/local/texlive/2024/texmf-dist/tex/generic/iftex/ifvtex.sty
Package: ifvtex 2019/10/25 v1.7 ifvtex legacy package. Use iftex instead.

(/usr/local/texlive/2024/texmf-dist/tex/generic/iftex/iftex.sty
Package: iftex 2022/02/03 v1.0f TeX engine tests
))
\Gm@cnth=\count196
\Gm@cntv=\count197
\c@Gm@tempcnt=\count198
\Gm@bindingoffset=\dimen146
\Gm@wd@mp=\dimen147
\Gm@odd@mp=\dimen148
\Gm@even@mp=\dimen149
\Gm@layoutwidth=\dimen150
\Gm@layoutheight=\dimen151
\Gm@layouthoffset=\dimen152
\Gm@layoutvoffset=\dimen153
\Gm@dimlist=\toks19
)
\problembox=\box52
)
(/usr/local/texlive/2024/texmf-dist/tex/latex/base/inputenc.sty
Package: inputenc 2021/02/14 v1.3d Input encoding file
\inpenc@prehook=\toks20
\inpenc@posthook=\toks21
)
(/usr/local/texlive/2024/texmf-dist/tex/latex/base/fontenc.sty
Package: fontenc 2021/04/29 v2.0v Standard LaTeX package
)
(/usr/local/texlive/2024/texmf-dist/tex/latex/psnfss/mathpazo.sty
Package: mathpazo 2020/03/25 PSNFSS-v9.3 Palatino w/ Pazo Math (D.Puga, WaS) 
\symupright=\mathgroup4
)
(/usr/local/texlive/2024/texmf-dist/tex/latex/graphics/graphicx.sty
Package: graphicx 2021/09/16 v1.2d Enhanced LaTeX Graphics (DPC,SPQR)

(/usr/local/texlive/2024/texmf-dist/tex/latex/graphics/graphics.sty
Package: graphics 2022/03/10 v1.4e Standard LaTeX Graphics (DPC,SPQR)

(/usr/local/texlive/2024/texmf-dist/tex/latex/graphics/trig.sty
Package: trig 2021/08/11 v1.11 sin cos tan (DPC)
)
(/usr/local/texlive/2024/texmf-dist/tex/latex/graphics-cfg/graphics.cfg
File: graphics.cfg 2016/06/04 v1.11 sample graphics configuration
)
Package graphics Info: Driver file: pdftex.def on input line 107.

(/usr/local/texlive/2024/texmf-dist/tex/latex/graphics-def/pdftex.def
File: pdftex.def 2022/09/22 v1.2b Graphics/color driver for pdftex
))
\Gin@req@height=\dimen154
\Gin@req@width=\dimen155
)
(/usr/local/texlive/2024/texmf-dist/tex/latex/booktabs/booktabs.sty
Package: booktabs 2020/01/12 v1.61803398 Publication quality tables
\heavyrulewidth=\dimen156
\lightrulewidth=\dimen157
\cmidrulewidth=\dimen158
\belowrulesep=\dimen159
\belowbottomsep=\dimen160
\aboverulesep=\dimen161
\abovetopsep=\dimen162
\cmidrulesep=\dimen163
\cmidrulekern=\dimen164
\defaultaddspace=\dimen165
\@cmidla=\count199
\@cmidlb=\count266
\@aboverulesep=\dimen166
\@belowrulesep=\dimen167
\@thisruleclass=\count267
\@lastruleclass=\count268
\@thisrulewidth=\dimen168
)
(/usr/local/texlive/2024/texmf-dist/tex/latex/listings/listings.sty
\lst@mode=\count269
\lst@gtempboxa=\box53
\lst@token=\toks22
\lst@length=\count270
\lst@currlwidth=\dimen169
\lst@column=\count271
\lst@pos=\count272
\lst@lostspace=\dimen170
\lst@width=\dimen171
\lst@newlines=\count273
\lst@lineno=\count274
\lst@maxwidth=\dimen172

(/usr/local/texlive/2024/texmf-dist/tex/latex/listings/lstpatch.sty
File: lstpatch.sty 2024/02/21 1.10 (Carsten Heinz)
)
(/usr/local/texlive/2024/texmf-dist/tex/latex/listings/lstmisc.sty
File: lstmisc.sty 2024/02/21 1.10 (Carsten Heinz)
\c@lstnumber=\count275
\lst@skipnumbers=\count276
\lst@framebox=\box54
)
(/usr/local/texlive/2024/texmf-dist/tex/latex/listings/listings.cfg
File: listings.cfg 2024/02/21 1.10 listings configuration
))
Package: listings 2024/02/21 1.10 (Carsten Heinz)

(/usr/local/texlive/2024/texmf-dist/tex/latex/tools/enumerate.sty
Package: enumerate 2023/07/04 v3.00 enumerate extensions (DPC)
\@enLab=\toks23
)
(/usr/local/texlive/2024/texmf-dist/tex/latex/xcolor/xcolor.sty
Package: xcolor 2023/11/15 v3.01 LaTeX color extensions (UK)

(/usr/local/texlive/2024/texmf-dist/tex/latex/graphics-cfg/color.cfg
File: color.cfg 2016/01/02 v1.6 sample color configuration
)
Package xcolor Info: Driver file: pdftex.def on input line 274.

(/usr/local/texlive/2024/texmf-dist/tex/latex/graphics/mathcolor.ltx)
Package xcolor Info: Model `cmy' substituted by `cmy0' on input line 1350.
Package xcolor Info: Model `hsb' substituted by `rgb' on input line 1354.
Package xcolor Info: Model `RGB' extended on input line 1366.
Package xcolor Info: Model `HTML' substituted by `rgb' on input line 1368.
Package xcolor Info: Model `Hsb' substituted by `hsb' on input line 1369.
Package xcolor Info: Model `tHsb' substituted by `hsb' on input line 1370.
Package xcolor Info: Model `HSB' substituted by `hsb' on input line 1371.
Package xcolor Info: Model `Gray' substituted by `gray' on input line 1372.
Package xcolor Info: Model `wave' substituted by `hsb' on input line 1373.
)
LaTeX Font Info:    Trying to load font information for T1+ppl on input line 42
.

(/usr/local/texlive/2024/texmf-dist/tex/latex/psnfss/t1ppl.fd
File: t1ppl.fd 2001/06/04 font definitions for T1/ppl.
)
(/usr/local/texlive/2024/texmf-dist/tex/latex/l3backend/l3backend-pdftex.def
File: l3backend-pdftex.def 2024-02-20 L3 backend support: PDF output (pdfTeX)
\l__color_backend_stack_int=\count277
\l__pdf_internal_box=\box55
)
No file main.aux.
\openout1 = `main.aux'.

LaTeX Font Info:    Checking defaults for OML/cmm/m/it on input line 42.
LaTeX Font Info:    ... okay on input line 42.
LaTeX Font Info:    Checking defaults for OMS/cmsy/m/n on input line 42.
LaTeX Font Info:    ... okay on input line 42.
LaTeX Font Info:    Checking defaults for OT1/cmr/m/n on input line 42.
LaTeX Font Info:    ... okay on input line 42.
LaTeX Font Info:    Checking defaults for T1/cmr/m/n on input line 42.
LaTeX Font Info:    ... okay on input line 42.
LaTeX Font Info:    Checking defaults for TS1/cmr/m/n on input line 42.
LaTeX Font Info:    ... okay on input line 42.
LaTeX Font Info:    Checking defaults for OMX/cmex/m/n on input line 42.
LaTeX Font Info:    ... okay on input line 42.
LaTeX Font Info:    Checking defaults for U/cmr/m/n on input line 42.
LaTeX Font Info:    ... okay on input line 42.
*geometry* driver: auto-detecting
*geometry* detected driver: pdftex
*geometry* verbose mode - [ preamble ] result:
* driver: pdftex
* paper: <default>
* layout: <same size as paper>
* layoutoffset:(h,v)=(0.0pt,0.0pt)
* modes: 
* h-part:(L,W,R)=(71.13188pt, 455.24411pt, 71.13188pt)
* v-part:(T,H,B)=(71.13188pt, 702.78308pt, 71.13188pt)
* \paperwidth=597.50787pt
* \paperheight=845.04684pt
* \textwidth=455.24411pt
* \textheight=702.78308pt
* \oddsidemargin=-1.1381pt
* \evensidemargin=-1.1381pt
* \topmargin=-38.1381pt
* \headheight=12.0pt
* \headsep=25.0pt
* \topskip=12.0pt
* \footskip=30.0pt
* \marginparwidth=35.0pt
* \marginparsep=10.0pt
* \columnsep=10.0pt
* \skip\footins=10.8pt plus 4.0pt minus 2.0pt
* \hoffset=0.0pt
* \voffset=0.0pt
* \mag=1000
* \@twocolumnfalse
* \@twosidefalse
* \@mparswitchfalse
* \@reversemarginfalse
* (1in=72.27pt=25.4mm, 1cm=28.453pt)

\big@size=\dimen173
(/usr/local/texlive/2024/texmf-dist/tex/context/base/mkii/supp-pdf.mkii
[Loading MPS to PDF converter (version 2006.09.02).]
\scratchcounter=\count278
\scratchdimen=\dimen174
\scratchbox=\box56
\nofMPsegments=\count279
\nofMParguments=\count280
\everyMPshowfont=\toks24
\MPscratchCnt=\count281
\MPscratchDim=\dimen175
\MPnumerator=\count282
\makeMPintoPDFobject=\count283
\everyMPtoPDFconversion=\toks25
) (/usr/local/texlive/2024/texmf-dist/tex/latex/epstopdf-pkg/epstopdf-base.sty
Package: epstopdf-base 2020-01-24 v2.11 Base part for package epstopdf
Package epstopdf-base Info: Redefining graphics rule for `.eps' on input line 4
85.

(/usr/local/texlive/2024/texmf-dist/tex/latex/latexconfig/epstopdf-sys.cfg
File: epstopdf-sys.cfg 2010/07/13 v1.3 Configuration of (r)epstopdf for TeX Liv
e
))
\c@lstlisting=\count284

Overfull \hbox (18.71544pt too wide) in paragraph at lines 61--62
[]\T1/ppl/m/n/12 Vulnerability re-search on closed source tar-gets (browsers, d
rivers, IoT firmware)
 []

[1

{/usr/local/texlive/2024/texmf-var/fonts/map/pdftex/updmap/pdftex.map}{/usr/loc
al/texlive/2024/texmf-dist/fonts/enc/dvips/base/8r.enc}]
LaTeX Font Info:    Trying to load font information for OT1+ppl on input line 8
5.

(/usr/local/texlive/2024/texmf-dist/tex/latex/psnfss/ot1ppl.fd
File: ot1ppl.fd 2001/06/04 font definitions for OT1/ppl.
)
LaTeX Font Info:    Trying to load font information for OML+zplm on input line 
85.

(/usr/local/texlive/2024/texmf-dist/tex/latex/psnfss/omlzplm.fd
File: omlzplm.fd 2002/09/08 Fontinst v1.914 font definitions for OML/zplm.
)
LaTeX Font Info:    Trying to load font information for OMS+zplm on input line 
85.

(/usr/local/texlive/2024/texmf-dist/tex/latex/psnfss/omszplm.fd
File: omszplm.fd 2002/09/08 Fontinst v1.914 font definitions for OMS/zplm.
)
LaTeX Font Info:    Trying to load font information for OMX+zplm on input line 
85.

(/usr/local/texlive/2024/texmf-dist/tex/latex/psnfss/omxzplm.fd
File: omxzplm.fd 2002/09/08 Fontinst v1.914 font definitions for OMX/zplm.
)
LaTeX Font Info:    Trying to load font information for OT1+zplm on input line 
85.

(/usr/local/texlive/2024/texmf-dist/tex/latex/psnfss/ot1zplm.fd
File: ot1zplm.fd 2002/09/08 Fontinst v1.914 font definitions for OT1/zplm.
) [2]
LaTeX Font Info:    Trying to load font information for T1+cmtt on input line 1
02.

(/usr/local/texlive/2024/texmf-dist/tex/latex/base/t1cmtt.fd
File: t1cmtt.fd 2023/04/13 v2.5m Standard LaTeX font definitions
)
Overfull \hbox (38.35753pt too wide) in paragraph at lines 112--113
[]\T1/ppl/m/n/12 Sections: ex-e-cutable code (.text/__TEXT,__text), ini-tial-iz
ed data (.data/__DATA,__data),
 []


Overfull \hbox (126.50043pt too wide) in paragraph at lines 121--122
[]\T1/ppl/m/n/12 The dy-namic sec-tion is the link-ing con-tract: [][][] lists 
the li-braries, [][][]/[][][]/[][][]
 []

[3{/usr/local/texlive/2024/texmf-dist/fonts/enc/dvips/cm-super/cm-super-t1.enc}
]
Overfull \hbox (3.28294pt too wide) in paragraph at lines 135--136
[]\T1/ppl/m/n/12 On iOS the shared cache ([][][]) holds the sys-tem li-braries 
pre-linked;
 []

[4]
Overfull \hbox (5.99509pt too wide) in paragraph at lines 150--151
\T1/ppl/m/n/12 (NSA open source, in-cludes de-com-piler), radare2/rizin (free, 
script-able, steep
 []


Overfull \hbox (4.00395pt too wide) in paragraph at lines 153--154
\T1/ppl/m/n/12 ings across thou-sands of func-tions; write plu-g-ins or IDAPyth
on/gdb scripts). 
 []


Overfull \hbox (8.23282pt too wide) in paragraph at lines 154--155
[]\T1/ppl/m/n/12 Library and frame-work choices: [][][] and [][][] for pars-ing
 for-mats in scripts,
 []


Overfull \hbox (5.27924pt too wide) in paragraph at lines 155--156
[][][] \T1/ppl/m/n/12 sig-na-tures, [][][], [][][]) turn a stripped bi-nary bac
k into a named
 []


Overfull \hbox (15.5711pt too wide) in paragraph at lines 166--167
\T1/ppl/m/n/12 tec-tion: sec-tion en-tropy high in ex-actly one sec-tion, few i
m-ports, self-modifying
 []


Overfull \hbox (49.60294pt too wide) in paragraph at lines 167--168
[]\T1/ppl/b/n/12 Anti-debugging\T1/ppl/m/n/12 : [][][], PE-B/proc sta-tus check
s, [][][][][][]
 []

[5]
Overfull \hbox (2.769pt too wide) in paragraph at lines 175--176
[]\T1/ppl/b/n/12 Anti-debugging\T1/ppl/m/n/12 : im-ports of [][][], [][][],
 []


Overfull \hbox (110.46623pt too wide) in paragraph at lines 175--176
[][][] \T1/ppl/m/n/12 with [][][]/[][][]/[][][],
 []


Overfull \hbox (6.19627pt too wide) in paragraph at lines 175--176
[][][] \T1/ppl/m/n/12 with [][][], [][][] with
 []


Overfull \hbox (29.81197pt too wide) in paragraph at lines 179--180
\T1/ppl/m/n/12 late ([][][]/[][][]) so the check never runs; and sym-bol-i-call
y sim-plify ([][][]/[][][])
 []

[6]
Overfull \hbox (3.56004pt too wide) in paragraph at lines 211--212
[]\T1/ppl/m/n/12 Features that af-fect re-vers-ing: en-di-an-ness (bi-endian AR
-M/MIP-S/PPC), byte
 []


Overfull \hbox (7.20819pt too wide) in paragraph at lines 212--213
[]\T1/ppl/m/n/12 ARM64 hard-en-ing shapes are vis-i-ble in the pro-logue and ep
i-logue and change
 []

[7]
Overfull \hbox (8.16771pt too wide) in paragraph at lines 226--227
[]\T1/ppl/m/n/12 Recursive de-scent: start at known en-try points, fol-low con-
trol flow (branches),
 []


Overfull \hbox (1.7242pt too wide) in paragraph at lines 226--227
\T1/ppl/m/n/12 avoid de-cod-ing out-side reach-able ranges. Misses in-di-rect j
ump-s/-calls whose
 []


Overfull \hbox (13.78688pt too wide) in paragraph at lines 229--230
\T1/ppl/m/n/12 and, last, function-boundary heuris-tics (pro-logue pat-terns, a
lign-ment, [][][]
 []


Overfull \hbox (3.53531pt too wide) in paragraph at lines 241--242
[]\T1/ppl/m/n/12 A de-com-piler re-cov-ers a pro-gram con-sis-tent with the bi-
nary se-man-tics; many
 []

[8]
Overfull \hbox (20.84052pt too wide) in paragraph at lines 253--254
\T1/ppl/m/n/12 edge), [][][] (a pro-to-type that hides the real ar-gu-ments), a
nd [][][]/floating
 []

[9] [10]
Overfull \hbox (2.10477pt too wide) in paragraph at lines 303--304
\T1/ppl/m/n/12 dump, UART shell), un-pack ([][][] for filesys-tem im-ages: Squa
shFS, JFFS2,
 []


Overfull \hbox (9.71593pt too wide) in paragraph at lines 313--314
\T1/ppl/m/n/12 the ker-nel --- ver-i-fi-ca-tion done by sig-na-ture check or ha
sh against e-fuses/OTP
 []


Overfull \hbox (1.33948pt too wide) in paragraph at lines 314--315
[]\T1/ppl/m/n/12 Reversing the boot-loader usu-ally means: find the sig-na-ture
 ver-i-fi-ca-tion func-
 []

[11]
Overfull \hbox (17.6108pt too wide) in paragraph at lines 323--324
[]\T1/ppl/m/n/12 The spe-cific ex-er-cise is this mod-ule's own tar-get: [][][]
[][] in [][][][][][]
 []

(/usr/local/texlive/2024/texmf-dist/tex/latex/listings/lstlang1.sty
File: lstlang1.sty 2024/02/21 1.10 listings language file
)
(/usr/local/texlive/2024/texmf-dist/tex/latex/listings/lstlang2.sty
File: lstlang2.sty 2024/02/21 1.10 listings language file
)
(/usr/local/texlive/2024/texmf-dist/tex/latex/listings/lstlang3.sty
File: lstlang3.sty 2024/02/21 1.10 listings language file
) [12]
Overfull \hbox (16.70987pt too wide) in paragraph at lines 359--360
[]\T1/ppl/m/n/12 https://www.jetbrains.com/help/decompiler (and Ghidra: https:/
/ghidra-sre.org) 
 []

[13] (./main.aux)
 ***********
LaTeX2e <2023-11-01> patch level 1
L3 programming layer <2024-02-20>
 ***********
 ) 
Here is how much of TeX's memory you used:
 5625 strings out of 474116
 79862 string characters out of 5743681
 1960187 words of memory out of 5000000
 27919 multiletter control sequences out of 15000+600000
 586671 words of font info for 93 fonts, out of 8000000 for 9000
 1141 hyphenation exceptions out of 8191
 72i,14n,79p,608b,1740s stack positions out of 10000i,1000n,20000p,200000b,200000s
</usr/local/texlive/2024/texmf-dist/fonts/type1/public/amsfonts/cm/cmmi10.pfb
></usr/local/texlive/2024/texmf-dist/fonts/type1/public/amsfonts/cm/cmsy10.pfb>
</usr/local/texlive/2024/texmf-dist/fonts/type1/public/cm-super/sftt1095.pfb></
usr/local/texlive/2024/texmf-dist/fonts/type1/public/cm-super/sftt1200.pfb></us
r/local/texlive/2024/texmf-dist/fonts/type1/urw/palatino/uplb8a.pfb></usr/local
/texlive/2024/texmf-dist/fonts/type1/urw/palatino/uplr8a.pfb></usr/local/texliv
e/2024/texmf-dist/fonts/type1/urw/palatino/uplri8a.pfb>
Output written on main.pdf (13 pages, 172238 bytes).
PDF statistics:
 84 PDF objects out of 1000 (max. 8388607)
 54 compressed objects within 1 object stream
 0 named destinations out of 1000 (max. 500000)
 1 words of extra memory for PDF output out of 10000 (max. 10000000)

