This is pdfTeX, Version 3.141592653-2.6-1.40.26 (TeX Live 2024) (preloaded format=pdflatex 2024.10.17)  30 SEP 2026 20:44
entering extended mode
 restricted \write18 enabled.
 %&-line parsing enabled.
**main.tex
(./main.tex
LaTeX2e <2023-11-01> patch level 1
L3 programming layer <2024-02-20>
(./Training.cls
Document Class: Training 2019/09/19
(/usr/local/texlive/2024/texmf-dist/tex/latex/fancyhdr/fancyhdr.sty
Package: fancyhdr 2022/11/09 v4.1 Extensive control of page headers and footers

\f@nch@headwidth=\skip48
\f@nch@O@elh=\skip49
\f@nch@O@erh=\skip50
\f@nch@O@olh=\skip51
\f@nch@O@orh=\skip52
\f@nch@O@elf=\skip53
\f@nch@O@erf=\skip54
\f@nch@O@olf=\skip55
\f@nch@O@orf=\skip56
)
(/usr/local/texlive/2024/texmf-dist/tex/latex/base/article.cls
Document Class: article 2023/05/17 v1.4n Standard LaTeX document class
(/usr/local/texlive/2024/texmf-dist/tex/latex/base/size12.clo
File: size12.clo 2023/05/17 v1.4n Standard LaTeX file (size option)
)
\c@part=\count188
\c@section=\count189
\c@subsection=\count190
\c@subsubsection=\count191
\c@paragraph=\count192
\c@subparagraph=\count193
\c@figure=\count194
\c@table=\count195
\abovecaptionskip=\skip57
\belowcaptionskip=\skip58
\bibindent=\dimen140
)
(/usr/local/texlive/2024/texmf-dist/tex/latex/titlesec/titlesec.sty
Package: titlesec 2023/10/27 v2.16 Sectioning titles
\ttl@box=\box51
\beforetitleunit=\skip59
\aftertitleunit=\skip60
\ttl@plus=\dimen141
\ttl@minus=\dimen142
\ttl@toksa=\toks17
\titlewidth=\dimen143
\titlewidthlast=\dimen144
\titlewidthfirst=\dimen145
)
(/usr/local/texlive/2024/texmf-dist/tex/latex/geometry/geometry.sty
Package: geometry 2020/01/02 v5.9 Page Geometry

(/usr/local/texlive/2024/texmf-dist/tex/latex/graphics/keyval.sty
Package: keyval 2022/05/29 v1.15 key=value parser (DPC)
\KV@toks@=\toks18
)
(/usr/local/texlive/2024/texmf-dist/tex/generic/iftex/ifvtex.sty
Package: ifvtex 2019/10/25 v1.7 ifvtex legacy package. Use iftex instead.

(/usr/local/texlive/2024/texmf-dist/tex/generic/iftex/iftex.sty
Package: iftex 2022/02/03 v1.0f TeX engine tests
))
\Gm@cnth=\count196
\Gm@cntv=\count197
\c@Gm@tempcnt=\count198
\Gm@bindingoffset=\dimen146
\Gm@wd@mp=\dimen147
\Gm@odd@mp=\dimen148
\Gm@even@mp=\dimen149
\Gm@layoutwidth=\dimen150
\Gm@layoutheight=\dimen151
\Gm@layouthoffset=\dimen152
\Gm@layoutvoffset=\dimen153
\Gm@dimlist=\toks19
)
\problembox=\box52
)
(/usr/local/texlive/2024/texmf-dist/tex/latex/base/inputenc.sty
Package: inputenc 2021/02/14 v1.3d Input encoding file
\inpenc@prehook=\toks20
\inpenc@posthook=\toks21
)
(/usr/local/texlive/2024/texmf-dist/tex/latex/base/fontenc.sty
Package: fontenc 2021/04/29 v2.0v Standard LaTeX package
)
(/usr/local/texlive/2024/texmf-dist/tex/latex/psnfss/mathpazo.sty
Package: mathpazo 2020/03/25 PSNFSS-v9.3 Palatino w/ Pazo Math (D.Puga, WaS) 
\symupright=\mathgroup4
)
(/usr/local/texlive/2024/texmf-dist/tex/latex/graphics/graphicx.sty
Package: graphicx 2021/09/16 v1.2d Enhanced LaTeX Graphics (DPC,SPQR)

(/usr/local/texlive/2024/texmf-dist/tex/latex/graphics/graphics.sty
Package: graphics 2022/03/10 v1.4e Standard LaTeX Graphics (DPC,SPQR)

(/usr/local/texlive/2024/texmf-dist/tex/latex/graphics/trig.sty
Package: trig 2021/08/11 v1.11 sin cos tan (DPC)
)
(/usr/local/texlive/2024/texmf-dist/tex/latex/graphics-cfg/graphics.cfg
File: graphics.cfg 2016/06/04 v1.11 sample graphics configuration
)
Package graphics Info: Driver file: pdftex.def on input line 107.

(/usr/local/texlive/2024/texmf-dist/tex/latex/graphics-def/pdftex.def
File: pdftex.def 2022/09/22 v1.2b Graphics/color driver for pdftex
))
\Gin@req@height=\dimen154
\Gin@req@width=\dimen155
)
(/usr/local/texlive/2024/texmf-dist/tex/latex/booktabs/booktabs.sty
Package: booktabs 2020/01/12 v1.61803398 Publication quality tables
\heavyrulewidth=\dimen156
\lightrulewidth=\dimen157
\cmidrulewidth=\dimen158
\belowrulesep=\dimen159
\belowbottomsep=\dimen160
\aboverulesep=\dimen161
\abovetopsep=\dimen162
\cmidrulesep=\dimen163
\cmidrulekern=\dimen164
\defaultaddspace=\dimen165
\@cmidla=\count199
\@cmidlb=\count266
\@aboverulesep=\dimen166
\@belowrulesep=\dimen167
\@thisruleclass=\count267
\@lastruleclass=\count268
\@thisrulewidth=\dimen168
)
(/usr/local/texlive/2024/texmf-dist/tex/latex/listings/listings.sty
\lst@mode=\count269
\lst@gtempboxa=\box53
\lst@token=\toks22
\lst@length=\count270
\lst@currlwidth=\dimen169
\lst@column=\count271
\lst@pos=\count272
\lst@lostspace=\dimen170
\lst@width=\dimen171
\lst@newlines=\count273
\lst@lineno=\count274
\lst@maxwidth=\dimen172

(/usr/local/texlive/2024/texmf-dist/tex/latex/listings/lstpatch.sty
File: lstpatch.sty 2024/02/21 1.10 (Carsten Heinz)
)
(/usr/local/texlive/2024/texmf-dist/tex/latex/listings/lstmisc.sty
File: lstmisc.sty 2024/02/21 1.10 (Carsten Heinz)
\c@lstnumber=\count275
\lst@skipnumbers=\count276
\lst@framebox=\box54
)
(/usr/local/texlive/2024/texmf-dist/tex/latex/listings/listings.cfg
File: listings.cfg 2024/02/21 1.10 listings configuration
))
Package: listings 2024/02/21 1.10 (Carsten Heinz)

(/usr/local/texlive/2024/texmf-dist/tex/latex/tools/enumerate.sty
Package: enumerate 2023/07/04 v3.00 enumerate extensions (DPC)
\@enLab=\toks23
)
(/usr/local/texlive/2024/texmf-dist/tex/latex/xcolor/xcolor.sty
Package: xcolor 2023/11/15 v3.01 LaTeX color extensions (UK)

(/usr/local/texlive/2024/texmf-dist/tex/latex/graphics-cfg/color.cfg
File: color.cfg 2016/01/02 v1.6 sample color configuration
)
Package xcolor Info: Driver file: pdftex.def on input line 274.

(/usr/local/texlive/2024/texmf-dist/tex/latex/graphics/mathcolor.ltx)
Package xcolor Info: Model `cmy' substituted by `cmy0' on input line 1350.
Package xcolor Info: Model `hsb' substituted by `rgb' on input line 1354.
Package xcolor Info: Model `RGB' extended on input line 1366.
Package xcolor Info: Model `HTML' substituted by `rgb' on input line 1368.
Package xcolor Info: Model `Hsb' substituted by `hsb' on input line 1369.
Package xcolor Info: Model `tHsb' substituted by `hsb' on input line 1370.
Package xcolor Info: Model `HSB' substituted by `hsb' on input line 1371.
Package xcolor Info: Model `Gray' substituted by `gray' on input line 1372.
Package xcolor Info: Model `wave' substituted by `hsb' on input line 1373.
)
LaTeX Font Info:    Trying to load font information for T1+ppl on input line 48
.

(/usr/local/texlive/2024/texmf-dist/tex/latex/psnfss/t1ppl.fd
File: t1ppl.fd 2001/06/04 font definitions for T1/ppl.
)
(/usr/local/texlive/2024/texmf-dist/tex/latex/l3backend/l3backend-pdftex.def
File: l3backend-pdftex.def 2024-02-20 L3 backend support: PDF output (pdfTeX)
\l__color_backend_stack_int=\count277
\l__pdf_internal_box=\box55
)
No file main.aux.
\openout1 = `main.aux'.

LaTeX Font Info:    Checking defaults for OML/cmm/m/it on input line 48.
LaTeX Font Info:    ... okay on input line 48.
LaTeX Font Info:    Checking defaults for OMS/cmsy/m/n on input line 48.
LaTeX Font Info:    ... okay on input line 48.
LaTeX Font Info:    Checking defaults for OT1/cmr/m/n on input line 48.
LaTeX Font Info:    ... okay on input line 48.
LaTeX Font Info:    Checking defaults for T1/cmr/m/n on input line 48.
LaTeX Font Info:    ... okay on input line 48.
LaTeX Font Info:    Checking defaults for TS1/cmr/m/n on input line 48.
LaTeX Font Info:    ... okay on input line 48.
LaTeX Font Info:    Checking defaults for OMX/cmex/m/n on input line 48.
LaTeX Font Info:    ... okay on input line 48.
LaTeX Font Info:    Checking defaults for U/cmr/m/n on input line 48.
LaTeX Font Info:    ... okay on input line 48.
*geometry* driver: auto-detecting
*geometry* detected driver: pdftex
*geometry* verbose mode - [ preamble ] result:
* driver: pdftex
* paper: <default>
* layout: <same size as paper>
* layoutoffset:(h,v)=(0.0pt,0.0pt)
* modes: 
* h-part:(L,W,R)=(71.13188pt, 455.24411pt, 71.13188pt)
* v-part:(T,H,B)=(71.13188pt, 702.78308pt, 71.13188pt)
* \paperwidth=597.50787pt
* \paperheight=845.04684pt
* \textwidth=455.24411pt
* \textheight=702.78308pt
* \oddsidemargin=-1.1381pt
* \evensidemargin=-1.1381pt
* \topmargin=-38.1381pt
* \headheight=12.0pt
* \headsep=25.0pt
* \topskip=12.0pt
* \footskip=30.0pt
* \marginparwidth=35.0pt
* \marginparsep=10.0pt
* \columnsep=10.0pt
* \skip\footins=10.8pt plus 4.0pt minus 2.0pt
* \hoffset=0.0pt
* \voffset=0.0pt
* \mag=1000
* \@twocolumnfalse
* \@twosidefalse
* \@mparswitchfalse
* \@reversemarginfalse
* (1in=72.27pt=25.4mm, 1cm=28.453pt)

\big@size=\dimen173
(/usr/local/texlive/2024/texmf-dist/tex/context/base/mkii/supp-pdf.mkii
[Loading MPS to PDF converter (version 2006.09.02).]
\scratchcounter=\count278
\scratchdimen=\dimen174
\scratchbox=\box56
\nofMPsegments=\count279
\nofMParguments=\count280
\everyMPshowfont=\toks24
\MPscratchCnt=\count281
\MPscratchDim=\dimen175
\MPnumerator=\count282
\makeMPintoPDFobject=\count283
\everyMPtoPDFconversion=\toks25
) (/usr/local/texlive/2024/texmf-dist/tex/latex/epstopdf-pkg/epstopdf-base.sty
Package: epstopdf-base 2020-01-24 v2.11 Base part for package epstopdf
Package epstopdf-base Info: Redefining graphics rule for `.eps' on input line 4
85.

(/usr/local/texlive/2024/texmf-dist/tex/latex/latexconfig/epstopdf-sys.cfg
File: epstopdf-sys.cfg 2010/07/13 v1.3 Configuration of (r)epstopdf for TeX Liv
e
))
\c@lstlisting=\count284
LaTeX Font Info:    Trying to load font information for T1+cmtt on input line 5
8.

(/usr/local/texlive/2024/texmf-dist/tex/latex/base/t1cmtt.fd
File: t1cmtt.fd 2023/04/13 v2.5m Standard LaTeX font definitions
)
LaTeX Font Info:    Font shape `T1/cmtt/bx/n' in size <12> not available
(Font)              Font shape `T1/cmtt/m/n' tried instead on input line 66.
LaTeX Font Info:    Font shape `T1/cmtt/bx/n' in size <10.95> not available
(Font)              Font shape `T1/cmtt/m/n' tried instead on input line 66.

Overfull \hbox (88.86748pt too wide) in paragraph at lines 70--71
[][][][][][][][][][][][][][][][][][][][][][][][][][] 
 []


Overfull \hbox (2.35776pt too wide) in paragraph at lines 74--75
[]\T1/ppl/m/n/12 Pathnames worth rec-og-niz-ing: [][][][][] (the main thread st
ack, grown down),
 []


Overfull \hbox (20.12296pt too wide) in paragraph at lines 74--75
[][][][][] \T1/ppl/m/n/12 (the [][][]-managed re-gion), [][][][][]/[][][][][] (
kernel-supplied pages mapped
 []


Overfull \hbox (3.9964pt too wide) in paragraph at lines 74--75
\T1/ppl/m/n/12 into ev-ery pro-cess), [][][][][] (the fixed-address x86_64 com-
pat-i-bil-ity page),
 []


Overfull \hbox (13.08714pt too wide) in paragraph at lines 74--75
[][][][][] \T1/ppl/m/n/12 (in-stru-men-ta-tion), anony-mous ker-nel files such 
as [][][][][]
 []

[1

{/usr/local/texlive/2024/texmf-var/fonts/map/pdftex/updmap/pdftex.map}{/usr/loc
al/texlive/2024/texmf-dist/fonts/enc/dvips/base/8r.enc}{/usr/local/texlive/2024
/texmf-dist/fonts/enc/dvips/cm-super/cm-super-t1.enc}]
Overfull \hbox (153.73756pt too wide) in paragraph at lines 75--76
[]\T1/ppl/m/n/12 It is im-ple-mented as a se-quence ([][][]) file type. The [][
][][][][][][][][][][]
 []


Overfull \hbox (51.02336pt too wide) in paragraph at lines 77--78
\T1/ppl/m/n/12 dent, dirty and swap ac-count-ing, plus the ker-nel's page size)
, [][][][][][][][]
 []


Overfull \hbox (133.2552pt too wide) in paragraph at lines 81--82
[]\T1/ppl/m/n/12 Anonymous al-lo-ca-tions: [][][][][][][][][][][][][][][][][][]
[][][][][]
 []

LaTeX Font Info:    Trying to load font information for OT1+ppl on input line 8
4.
(/usr/local/texlive/2024/texmf-dist/tex/latex/psnfss/ot1ppl.fd
File: ot1ppl.fd 2001/06/04 font definitions for OT1/ppl.
)
LaTeX Font Info:    Trying to load font information for OML+zplm on input line 
84.

(/usr/local/texlive/2024/texmf-dist/tex/latex/psnfss/omlzplm.fd
File: omlzplm.fd 2002/09/08 Fontinst v1.914 font definitions for OML/zplm.
)
LaTeX Font Info:    Trying to load font information for OMS+zplm on input line 
84.

(/usr/local/texlive/2024/texmf-dist/tex/latex/psnfss/omszplm.fd
File: omszplm.fd 2002/09/08 Fontinst v1.914 font definitions for OMS/zplm.
)
LaTeX Font Info:    Trying to load font information for OMX+zplm on input line 
84.

(/usr/local/texlive/2024/texmf-dist/tex/latex/psnfss/omxzplm.fd
File: omxzplm.fd 2002/09/08 Fontinst v1.914 font definitions for OMX/zplm.
)
LaTeX Font Info:    Trying to load font information for OT1+zplm on input line 
84.

(/usr/local/texlive/2024/texmf-dist/tex/latex/psnfss/ot1zplm.fd
File: ot1zplm.fd 2002/09/08 Fontinst v1.914 font definitions for OT1/zplm.
)
Overfull \hbox (8.10124pt too wide) in paragraph at lines 84--85
\T1/ppl/m/n/12 re-ceives a [][][][][][][] whose [][][], [][][], [][][], [][][]
 []

[2]
Overfull \hbox (8.48848pt too wide) in paragraph at lines 92--93
[]\T1/ppl/m/n/12 Races with [][][]/[][][]/[][][] (CVE-2016-5195, Dirty COW, is 
the canon-
 []


Overfull \hbox (34.23106pt too wide) in paragraph at lines 94--95
[]\T1/ppl/m/n/12 Reference: https://labs.f-secure.com/assets/BlogFiles/mwri-mma
p-exploitation-
 []


Overfull \hbox (19.97096pt too wide) in paragraph at lines 98--99
[][][][] \T1/ppl/m/n/12 is a syscall (the en-try point [][][] is im-ple-mented 
in [][][][][][][],
 []


Overfull \hbox (58.74872pt too wide) in paragraph at lines 98--99
\T1/ppl/m/n/12 through [][][][] and MAC through the LSM [][][]
 []


Overfull \hbox (13.6993pt too wide) in paragraph at lines 99--100
\T1/ppl/m/n/12 worth know-ing: [][][]/[][][], [][][]/[][][]
 []


Overfull \hbox (9.60886pt too wide) in paragraph at lines 99--100
\T1/ppl/m/n/12 (at-tach with-out stop-ping, stop on de-mand), [][][]/[][][],
 []


Overfull \hbox (141.89749pt too wide) in paragraph at lines 99--100
[][][]\T1/ppl/m/n/12 /[][][], [][][]/[][][], [][][]/[][][]
 []


Overfull \hbox (60.14517pt too wide) in paragraph at lines 99--100
\T1/ppl/m/n/12 (portable, per-architecture reg-is-ter sets), [][][], [][][], []
[][]
 []


Overfull \hbox (25.53781pt too wide) in paragraph at lines 99--100
\T1/ppl/m/n/12 and [][][] (which en-ables [][][], [][][],
 []

[3]
Overfull \hbox (8.93369pt too wide) in paragraph at lines 118--119
[][][][][][][][][]\T1/ppl/m/n/12 , e.g. [][][][][][][][][][][][][]. Bionic (An-
droid's
 []


Overfull \hbox (19.52423pt too wide) in paragraph at lines 120--121
[]\T1/ppl/m/n/12 File-system ob-jects: query with [][][][][][], [][][], or di-r
ectly with the [][][][][]
 []


Overfull \hbox (86.5669pt too wide) in paragraph at lines 121--122
\T1/ppl/m/n/12 and the au-dit log: [][][][][][][][][] or [][][][][][][][][][][]
[]. [][][]/[][][][][]
 []

[4]
Overfull \hbox (0.30951pt too wide) in paragraph at lines 145--146
\T1/ppl/m/n/12 driver's own at-tack sur-face (CVE-2019-2215 was a Binder use-af
ter-free). 
 []


Overfull \hbox (26.75548pt too wide) in paragraph at lines 147--148
[]\T1/ppl/m/n/12 ION al-lo-ca-tors (his-tor-i-cally, a ven-dor mem-ory al-lo-ca
-tor ex-posed to userspace;
 []

[5]
Overfull \hbox (9.45316pt too wide) in paragraph at lines 159--160
[]\T1/ppl/m/n/12 Root the phone if you need to de-bug a sys-tem ap-pli-ca-tion 
([][][], [][][],
 []

(/usr/local/texlive/2024/texmf-dist/tex/latex/listings/lstlang1.sty
File: lstlang1.sty 2024/02/21 1.10 listings language file
)
(/usr/local/texlive/2024/texmf-dist/tex/latex/listings/lstlang1.sty
File: lstlang1.sty 2024/02/21 1.10 listings language file
)
Overfull \hbox (9.95045pt too wide) in paragraph at lines 169--170
[]\T1/ppl/m/n/12 From the host, con-nect with architecture-appropriate [][][] (
pre-fer [][][][][]
 []


Overfull \hbox (54.91698pt too wide) in paragraph at lines 182--183
[][][][][][][][][][][][][][][][][][][][][][][][][][][][][][][][][][][][][][][][
][][] 
 []


Overfull \hbox (31.25089pt too wide) in paragraph at lines 188--189
[]\T1/ppl/m/n/12 For an ap-pli-ca-tion rather than a dae-mon, a de-bug-gable bu
ild and [][][][][][][][][]
 []


Overfull \hbox (121.4625pt too wide) in paragraph at lines 193--194
\T1/ppl/m/n/12 against the host [][][]/[][][][][]. A mis-match shows up as [][]
[][][][][][][][][][][][][][][],
 []

[6]
Overfull \hbox (65.76564pt too wide) in paragraph at lines 201--202
[]\T1/ppl/m/n/12 OEM-unlock the boot-loader us-ing the De-vel-oper mode menu ([
][][][][][][],
 []


Overfull \hbox (15.97752pt too wide) in paragraph at lines 204--205
\T1/ppl/m/n/12 boot ramdisk rather than the sys-tem par-ti-tion, which is what 
sur-vives [][][][][]
 []


Overfull \hbox (0.54807pt too wide) in paragraph at lines 209--210
[]\T1/ppl/m/n/12 Bootloader un-lock blocked by a car-rier lock (Ver-i-zon, AT&T
), or by the OEM-
 []


Overfull \hbox (11.81175pt too wide) in paragraph at lines 220--221
[]\T1/ppl/m/n/12 Kernel drivers with [][][][] en-tries --- write and ioctl han-
dlers reg-is-tered through
 []

[7]
Overfull \hbox (17.81822pt too wide) in paragraph at lines 222--223
[][][][]\T1/ppl/m/n/12 /[][][] pro-cess-ing of ex-e-cuta-bles --- a parser of a
ttacker-authored
 []


Overfull \hbox (9.30707pt too wide) in paragraph at lines 233--234
\T1/ppl/m/n/12 USB key-board-/-mouse (a ma-li-cious pe-riph-eral can in-ject in
-put), or as Ethernet-
 []

[8]
Overfull \hbox (49.81636pt too wide) in paragraph at lines 243--244
\T1/ppl/m/n/12 sig-nal han-dlers, which in-voke [][][][][][][][] or [][][][][][
][][].
 []


Overfull \hbox (0.1704pt too wide) in paragraph at lines 244--245
[]\T1/ppl/m/n/12 The tomb-stone is writ-ten un-der [][][][][][][][] and con-tai
ns
 []

[9] [10] (./main.aux)
 ***********
LaTeX2e <2023-11-01> patch level 1
L3 programming layer <2024-02-20>
 ***********
 ) 
Here is how much of TeX's memory you used:
 5312 strings out of 474116
 76807 string characters out of 5743681
 1953187 words of memory out of 5000000
 27612 multiletter control sequences out of 15000+600000
 580359 words of font info for 76 fonts, out of 8000000 for 9000
 1141 hyphenation exceptions out of 8191
 72i,12n,79p,911b,1324s stack positions out of 10000i,1000n,20000p,200000b,200000s
</usr/local/texlive/2024/texmf-dist/fonts/type1/public/amsfonts/cm/cmr10.pfb>
</usr/local/texlive/2024/texmf-dist/fonts/type1/public/amsfonts/cm/cmsy10.pfb><
/usr/local/texlive/2024/texmf-dist/fonts/type1/public/cm-super/sftt1095.pfb></u
sr/local/texlive/2024/texmf-dist/fonts/type1/urw/palatino/uplb8a.pfb></usr/loca
l/texlive/2024/texmf-dist/fonts/type1/urw/palatino/uplr8a.pfb></usr/local/texli
ve/2024/texmf-dist/fonts/type1/urw/palatino/uplri8a.pfb>
Output written on main.pdf (10 pages, 146582 bytes).
PDF statistics:
 69 PDF objects out of 1000 (max. 8388607)
 44 compressed objects within 1 object stream
 0 named destinations out of 1000 (max. 500000)
 1 words of extra memory for PDF output out of 10000 (max. 10000000)

